[2026-06-06 16:28:27] C1 runner started with config=configs/c1_alignment_160m_equiv_step1000_to_step2000_scale0p01_resolved.yaml output_root=results/c1_alignment_160m_equiv_step1000_to_step2000_scale0p01
[2026-06-06 16:28:27] Run plan: seeds=[0], arms=['in_window_carried', 'post_hoc_endpoint']
[2026-06-06 16:28:27] ================================================================================================
[2026-06-06 16:28:27] C1 arm start: arm=in_window_carried seed=0 model=EleutherAI/pythia-160m-deduped device=cuda
[2026-06-06 16:28:27] checkpoints: inject=step1000 endpoint=step2000 continuation_updates=4000 snapshots=[0]
[2026-06-06 16:28:27] token budget: pythia_delta_steps=1000 target_tokens=2097152000 local_tokens/update=524288 actual_tokens=2097152000 overshoot=0
[2026-06-06 16:28:27] Loading model checkpoint EleutherAI/pythia-160m-deduped@step1000
/usr/local/lib/python3.11/dist-packages/huggingface_hub/file_download.py:949: FutureWarning: `resume_download` is deprecated and will be removed in version 1.0.0. Downloads always resume when possible. If you want to force a new download, use `force_download=True`.
  warnings.warn(
/usr/local/lib/python3.11/dist-packages/huggingface_hub/file_download.py:949: FutureWarning: `resume_download` is deprecated and will be removed in version 1.0.0. Downloads always resume when possible. If you want to force a new download, use `force_download=True`.
  warnings.warn(
Special tokens have been added in the vocabulary, make sure the associated word embeddings are fine-tuned or trained.
[2026-06-06 16:28:36] Model/tokenizer loaded
[2026-06-06 16:28:36] Signal built: train_items=98 probe_items=258 families=['benign', 'generalization_sensitive', 'in_dist_sensitive', 'jailbreak_sensitive', 'near_miss_heldout', 'near_miss_trained']
[2026-06-06 16:28:36] Scoring base probes
[2026-06-06 16:28:41] [base] benign: refuse=1.000, margin=2.043, correct=0.000 | generalization_sensitive: refuse=0.000, margin=-0.723, correct=0.000 | in_dist_sensitive: refuse=0.000, margin=-0.625, correct=0.000 | jailbreak_sensitive: refuse=0.225, margin=-0.797, correct=0.225 | near_miss_heldout: refuse=0.000, margin=-1.222, correct=1.000 | near_miss_trained: refuse=0.000, margin=-1.114, correct=1.000
[2026-06-06 16:28:41] Selected 48 matrices for delta persistence / cheap spectral metrics
[2026-06-06 16:28:48] [injection arm=in_window_carried seed=0] start: micro_steps=300, batch_size=8, grad_accum=1, lr=2e-05, dataset_items=98
[2026-06-06 16:28:48] [injection arm=in_window_carried seed=0] first batch label stats: {'valid_labels': 58, 'total_labels': 192, 'nonpad_tokens': 184, 'min_input_id': 0, 'max_input_id': 44414}
[2026-06-06 16:28:48] [injection arm=in_window_carried seed=0] micro_step=1/300 loss=3.7969 elapsed=0.2s
Traceback (most recent call last):
  File "/workspace/Developmental-Phase-Critical-Period/scripts/run_c1_alignment_consolidation.py", line 1054, in <module>
    main()
  File "/workspace/Developmental-Phase-Critical-Period/scripts/run_c1_alignment_consolidation.py", line 1048, in main
    statuses.append(run_arm(cfg, arm, int(seed)))
                    ^^^^^^^^^^^^^^^^^^^^^^^^^^^^
  File "/workspace/Developmental-Phase-Critical-Period/scripts/run_c1_alignment_consolidation.py", line 728, in run_arm
    inj_logs = train_steps(
               ^^^^^^^^^^^^
  File "/workspace/Developmental-Phase-Critical-Period/scripts/run_c1_alignment_consolidation.py", line 513, in train_steps
    assert_finite_loss(raw_loss, phase, step, batch, tokenizer)
  File "/workspace/Developmental-Phase-Critical-Period/scripts/run_c1_alignment_consolidation.py", line 380, in assert_finite_loss
    raise FloatingPointError(
FloatingPointError: Non-finite loss during injection arm=in_window_carried seed=0 at step=2: loss=nan stats={'valid_labels': 62, 'total_labels': 192, 'nonpad_tokens': 178, 'min_input_id': 0, 'max_input_id': 44414}. Abort this run; endpoint/attack metrics would be invalid.
