[2026-06-07T10:36:44+0000] Loading tokenizer: EleutherAI/pythia-160m-deduped
/usr/local/lib/python3.11/dist-packages/huggingface_hub/file_download.py:949: FutureWarning: `resume_download` is deprecated and will be removed in version 1.0.0. Downloads always resume when possible. If you want to force a new download, use `force_download=True`.
  warnings.warn(
Special tokens have been added in the vocabulary, make sure the associated word embeddings are fine-tuned or trained.
[2026-06-07T10:36:44+0000] Loading model: EleutherAI/pythia-160m-deduped @ step0 on cuda
/usr/local/lib/python3.11/dist-packages/huggingface_hub/file_download.py:949: FutureWarning: `resume_download` is deprecated and will be removed in version 1.0.0. Downloads always resume when possible. If you want to force a new download, use `force_download=True`.
  warnings.warn(
[2026-06-07T10:36:46+0000] Scoring base probes/controls
[2026-06-07T10:37:06+0000] Injecting signal: 900 texts, 600 steps
[2026-06-07T10:37:53+0000] Scoring post-injection uptake
[2026-06-07T10:38:19+0000] Clean-continuation branch: 500 steps on fixed_jsonl (12000 texts)
[2026-06-07T10:39:43+0000] Scoring post-continuation retention
[2026-06-07T10:39:58+0000] Degradation branch: budget=4 facts, 12 texts
[2026-06-07T10:40:12+0000] Degradation branch: budget=16 facts, 48 texts
[2026-06-07T10:40:27+0000] Degradation branch: budget=64 facts, 192 texts
[2026-06-07T10:40:40+0000] Degradation branch: budget=256 facts, 768 texts
[2026-06-07T10:40:55+0000] Wrote cell outputs under results/step1_factual_dense_160m_32ckpt/raw
[2026-06-07T10:40:56+0000] Loading tokenizer: EleutherAI/pythia-160m-deduped
Special tokens have been added in the vocabulary, make sure the associated word embeddings are fine-tuned or trained.
[2026-06-07T10:40:56+0000] Loading model: EleutherAI/pythia-160m-deduped @ step0 on cuda
[2026-06-07T10:40:57+0000] Scoring base probes/controls
[2026-06-07T10:41:19+0000] Injecting signal: 900 texts, 600 steps
[2026-06-07T10:42:03+0000] Scoring post-injection uptake
[2026-06-07T10:42:22+0000] Clean-continuation branch: 500 steps on fixed_jsonl (12000 texts)
[2026-06-07T10:43:43+0000] Scoring post-continuation retention
[2026-06-07T10:43:54+0000] Degradation branch: budget=4 facts, 12 texts
[2026-06-07T10:44:03+0000] Degradation branch: budget=16 facts, 48 texts
[2026-06-07T10:44:14+0000] Degradation branch: budget=64 facts, 192 texts
[2026-06-07T10:44:26+0000] Degradation branch: budget=256 facts, 768 texts
[2026-06-07T10:44:41+0000] Wrote cell outputs under results/step1_factual_dense_160m_32ckpt/raw
[2026-06-07T10:44:41+0000] Loading tokenizer: EleutherAI/pythia-160m-deduped
Special tokens have been added in the vocabulary, make sure the associated word embeddings are fine-tuned or trained.
[2026-06-07T10:44:41+0000] Loading model: EleutherAI/pythia-160m-deduped @ step0 on cuda
[2026-06-07T10:44:42+0000] Scoring base probes/controls
[2026-06-07T10:45:02+0000] Injecting signal: 900 texts, 600 steps
[2026-06-07T10:45:47+0000] Scoring post-injection uptake
[2026-06-07T10:46:06+0000] Clean-continuation branch: 500 steps on fixed_jsonl (12000 texts)
[2026-06-07T10:47:26+0000] Scoring post-continuation retention
[2026-06-07T10:47:36+0000] Degradation branch: budget=4 facts, 12 texts
[2026-06-07T10:47:45+0000] Degradation branch: budget=16 facts, 48 texts
[2026-06-07T10:47:55+0000] Degradation branch: budget=64 facts, 192 texts
[2026-06-07T10:48:05+0000] Degradation branch: budget=256 facts, 768 texts
[2026-06-07T10:48:18+0000] Wrote cell outputs under results/step1_factual_dense_160m_32ckpt/raw
[2026-06-07T10:48:19+0000] Loading tokenizer: EleutherAI/pythia-160m-deduped
Special tokens have been added in the vocabulary, make sure the associated word embeddings are fine-tuned or trained.
[2026-06-07T10:48:19+0000] Loading model: EleutherAI/pythia-160m-deduped @ step0 on cuda
[2026-06-07T10:48:20+0000] Scoring base probes/controls
[2026-06-07T10:48:39+0000] Injecting signal: 900 texts, 600 steps
[2026-06-07T10:49:22+0000] Scoring post-injection uptake
[2026-06-07T10:49:41+0000] Clean-continuation branch: 500 steps on fixed_jsonl (12000 texts)
[2026-06-07T10:51:01+0000] Scoring post-continuation retention
[2026-06-07T10:51:11+0000] Degradation branch: budget=4 facts, 12 texts
[2026-06-07T10:51:21+0000] Degradation branch: budget=16 facts, 48 texts
[2026-06-07T10:51:31+0000] Degradation branch: budget=64 facts, 192 texts
[2026-06-07T10:51:42+0000] Degradation branch: budget=256 facts, 768 texts
[2026-06-07T10:52:00+0000] Wrote cell outputs under results/step1_factual_dense_160m_32ckpt/raw
[2026-06-07T10:52:00+0000] Loading tokenizer: EleutherAI/pythia-160m-deduped
Special tokens have been added in the vocabulary, make sure the associated word embeddings are fine-tuned or trained.
[2026-06-07T10:52:00+0000] Loading model: EleutherAI/pythia-160m-deduped @ step0 on cuda
[2026-06-07T10:52:01+0000] Scoring base probes/controls
[2026-06-07T10:52:28+0000] Injecting signal: 900 texts, 600 steps
[2026-06-07T10:53:15+0000] Scoring post-injection uptake
[2026-06-07T10:53:42+0000] Clean-continuation branch: 500 steps on fixed_jsonl (12000 texts)
[2026-06-07T10:55:07+0000] Scoring post-continuation retention
[2026-06-07T10:55:17+0000] Degradation branch: budget=4 facts, 12 texts
[2026-06-07T10:55:26+0000] Degradation branch: budget=16 facts, 48 texts
[2026-06-07T10:55:35+0000] Degradation branch: budget=64 facts, 192 texts
[2026-06-07T10:55:45+0000] Degradation branch: budget=256 facts, 768 texts
[2026-06-07T10:55:58+0000] Wrote cell outputs under results/step1_factual_dense_160m_32ckpt/raw
[2026-06-07T10:55:59+0000] Loading tokenizer: EleutherAI/pythia-160m-deduped
Special tokens have been added in the vocabulary, make sure the associated word embeddings are fine-tuned or trained.
[2026-06-07T10:55:59+0000] Loading model: EleutherAI/pythia-160m-deduped @ step1 on cuda
[2026-06-07T10:56:09+0000] Scoring base probes/controls
[2026-06-07T10:56:27+0000] Injecting signal: 900 texts, 600 steps
[2026-06-07T10:57:11+0000] Scoring post-injection uptake
[2026-06-07T10:57:32+0000] Clean-continuation branch: 500 steps on fixed_jsonl (12000 texts)
[2026-06-07T10:58:53+0000] Scoring post-continuation retention
[2026-06-07T10:59:07+0000] Degradation branch: budget=4 facts, 12 texts
[2026-06-07T10:59:19+0000] Degradation branch: budget=16 facts, 48 texts
[2026-06-07T10:59:31+0000] Degradation branch: budget=64 facts, 192 texts
[2026-06-07T10:59:45+0000] Degradation branch: budget=256 facts, 768 texts
[2026-06-07T11:00:03+0000] Wrote cell outputs under results/step1_factual_dense_160m_32ckpt/raw
[2026-06-07T11:00:03+0000] Loading tokenizer: EleutherAI/pythia-160m-deduped
Special tokens have been added in the vocabulary, make sure the associated word embeddings are fine-tuned or trained.
[2026-06-07T11:00:04+0000] Loading model: EleutherAI/pythia-160m-deduped @ step1 on cuda
[2026-06-07T11:00:06+0000] Scoring base probes/controls
[2026-06-07T11:00:30+0000] Injecting signal: 900 texts, 600 steps
[2026-06-07T11:01:15+0000] Scoring post-injection uptake
[2026-06-07T11:01:36+0000] Clean-continuation branch: 500 steps on fixed_jsonl (12000 texts)
[2026-06-07T11:02:57+0000] Scoring post-continuation retention
[2026-06-07T11:03:07+0000] Degradation branch: budget=4 facts, 12 texts
[2026-06-07T11:03:16+0000] Degradation branch: budget=16 facts, 48 texts
[2026-06-07T11:03:27+0000] Degradation branch: budget=64 facts, 192 texts
[2026-06-07T11:03:39+0000] Degradation branch: budget=256 facts, 768 texts
[2026-06-07T11:03:51+0000] Wrote cell outputs under results/step1_factual_dense_160m_32ckpt/raw
[2026-06-07T11:03:52+0000] Loading tokenizer: EleutherAI/pythia-160m-deduped
Special tokens have been added in the vocabulary, make sure the associated word embeddings are fine-tuned or trained.
[2026-06-07T11:03:52+0000] Loading model: EleutherAI/pythia-160m-deduped @ step1 on cuda
[2026-06-07T11:03:53+0000] Scoring base probes/controls
[2026-06-07T11:04:11+0000] Injecting signal: 900 texts, 600 steps
[2026-06-07T11:04:57+0000] Scoring post-injection uptake
[2026-06-07T11:05:16+0000] Clean-continuation branch: 500 steps on fixed_jsonl (12000 texts)
[2026-06-07T11:06:38+0000] Scoring post-continuation retention
[2026-06-07T11:06:48+0000] Degradation branch: budget=4 facts, 12 texts
[2026-06-07T11:06:59+0000] Degradation branch: budget=16 facts, 48 texts
[2026-06-07T11:07:09+0000] Degradation branch: budget=64 facts, 192 texts
[2026-06-07T11:07:20+0000] Degradation branch: budget=256 facts, 768 texts
[2026-06-07T11:07:36+0000] Wrote cell outputs under results/step1_factual_dense_160m_32ckpt/raw
[2026-06-07T11:07:36+0000] Loading tokenizer: EleutherAI/pythia-160m-deduped
Special tokens have been added in the vocabulary, make sure the associated word embeddings are fine-tuned or trained.
[2026-06-07T11:07:36+0000] Loading model: EleutherAI/pythia-160m-deduped @ step1 on cuda
[2026-06-07T11:07:37+0000] Scoring base probes/controls
[2026-06-07T11:07:57+0000] Injecting signal: 900 texts, 600 steps
[2026-06-07T11:08:44+0000] Scoring post-injection uptake
[2026-06-07T11:09:06+0000] Clean-continuation branch: 500 steps on fixed_jsonl (12000 texts)
